2026-08-28 13:24:21,287 [INFO] Chưa có data → fetch 90 ngày: 2026-05-30 → 2026-08-27
2026-08-28 13:24:21,791 [INFO] Failed to extract font properties from /usr/share/fonts/truetype/noto/NotoColorEmoji.ttf: Non-scalable fonts are not supported
2026-08-28 13:24:21,850 [INFO] generated new fontManager
2026-08-28 13:24:29,484 [INFO] Device registered: a1691119d2049e96ca73e5b8469e5a77 (version 0.0.1)
2026-08-28 13:24:35,726 [INFO] VCB: ✓ 64 dòng
2026-08-28 13:24:39,059 [INFO] VIC: ✓ 64 dòng
2026-08-28 13:24:42,236 [INFO] VHM: ✓ 64 dòng
2026-08-28 13:24:45,917 [INFO] HPG: ✓ 64 dòng
2026-08-28 13:24:49,668 [INFO] TCB: ✓ 64 dòng
2026-08-28 13:24:54,347 [INFO] MBB: ✓ 64 dòng
2026-08-28 13:24:58,269 [INFO] VNM: ✓ 64 dòng
2026-08-28 13:25:01,751 [INFO] FPT: ✓ 64 dòng
2026-08-28 13:25:06,094 [INFO] MSN: ✓ 64 dòng
2026-08-28 13:25:09,474 [INFO] BID: ✓ 64 dòng
2026-08-28 13:25:09,474 [INFO] === Xong: 10/10 tickers | 640 dòng mới ===
2026-08-31 11:05:30,647 [INFO] Fetch từ 2026-08-28 → 2026-08-30
2026-08-31 11:05:31,396 [INFO] Failed to extract font properties from /usr/share/fonts/truetype/noto/NotoColorEmoji.ttf: Non-scalable fonts are not supported
2026-08-31 11:05:32,186 [INFO] generated new fontManager
2026-08-31 11:05:35,251 [INFO] Device registered: a1691119d2049e96ca73e5b8469e5a77 (version 0.0.1)
2026-08-31 11:05:41,294 [INFO] VCB: ✓ 1 dòng
2026-08-31 11:05:46,345 [INFO] VIC: ✓ 1 dòng
2026-08-31 11:05:49,939 [INFO] VHM: ✓ 1 dòng
2026-08-31 11:05:54,466 [INFO] HPG: ✓ 1 dòng
2026-08-31 11:05:58,209 [INFO] TCB: ✓ 1 dòng
2026-08-31 11:06:01,810 [INFO] MBB: ✓ 1 dòng
2026-08-31 11:06:06,439 [INFO] VNM: ✓ 1 dòng
2026-08-31 11:06:10,622 [INFO] FPT: ✓ 1 dòng
2026-08-31 11:06:16,396 [INFO] MSN: ✓ 1 dòng
2026-08-31 11:06:21,359 [INFO] BID: ✓ 1 dòng
2026-08-31 11:06:21,360 [INFO] === Xong: 10/10 tickers | 10 dòng mới ===
2026-09-01 11:09:08,568 [INFO] Fetch từ 2026-08-29 → 2026-08-31
2026-09-01 11:09:08,997 [INFO] Failed to extract font properties from /usr/share/fonts/truetype/noto/NotoColorEmoji.ttf: Non-scalable fonts are not supported
2026-09-01 11:09:09,216 [INFO] generated new fontManager
2026-09-01 11:09:11,703 [INFO] Device registered: a1691119d2049e96ca73e5b8469e5a77 (version 0.0.1)
2026-09-01 11:09:17,526 [WARNING] VCB: Không có data trong khoảng này
2026-09-01 11:09:21,055 [WARNING] VIC: Không có data trong khoảng này
2026-09-01 11:09:24,300 [WARNING] VHM: Không có data trong khoảng này
2026-09-01 11:09:28,669 [WARNING] HPG: Không có data trong khoảng này
2026-09-01 11:09:32,197 [WARNING] TCB: Không có data trong khoảng này
2026-09-01 11:09:36,962 [WARNING] MBB: Không có data trong khoảng này
2026-09-01 11:09:39,956 [WARNING] VNM: Không có data trong khoảng này
2026-09-01 11:09:44,675 [WARNING] FPT: Không có data trong khoảng này
2026-09-01 11:09:48,476 [WARNING] MSN: Không có data trong khoảng này
2026-09-01 11:09:52,055 [WARNING] BID: Không có data trong khoảng này
2026-09-01 11:09:52,055 [INFO] === Xong: 0/10 tickers | 0 dòng mới ===
2026-09-02 11:09:16,406 [INFO] Fetch từ 2026-08-29 → 2026-09-01
2026-09-02 11:09:17,525 [INFO] Failed to extract font properties from /usr/share/fonts/truetype/noto/NotoColorEmoji.ttf: Non-scalable fonts are not supported
2026-09-02 11:09:17,678 [INFO] generated new fontManager
2026-09-02 11:09:20,790 [INFO] Device registered: a1691119d2049e96ca73e5b8469e5a77 (version 0.0.1)
2026-09-02 11:09:27,892 [WARNING] VCB: Không có data trong khoảng này
2026-09-02 11:09:32,591 [WARNING] VIC: Không có data trong khoảng này
2026-09-02 11:09:36,422 [WARNING] VHM: Không có data trong khoảng này
2026-09-02 11:09:40,217 [WARNING] HPG: Không có data trong khoảng này
2026-09-02 11:09:44,041 [WARNING] TCB: Không có data trong khoảng này
2026-09-02 11:09:47,883 [WARNING] MBB: Không có data trong khoảng này
2026-09-02 11:09:53,360 [WARNING] VNM: Không có data trong khoảng này
2026-09-02 11:09:57,773 [WARNING] FPT: Không có data trong khoảng này
2026-09-02 11:10:02,526 [WARNING] MSN: Không có data trong khoảng này
2026-09-02 11:10:06,788 [WARNING] BID: Không có data trong khoảng này
2026-09-02 11:10:06,788 [INFO] === Xong: 0/10 tickers | 0 dòng mới ===
2026-09-03 11:09:40,150 [INFO] Fetch từ 2026-08-29 → 2026-09-02
2026-09-03 11:09:41,066 [INFO] Failed to extract font properties from /usr/share/fonts/truetype/noto/NotoColorEmoji.ttf: Non-scalable fonts are not supported
2026-09-03 11:09:41,495 [INFO] generated new fontManager
2026-09-03 11:09:44,423 [INFO] Device registered: a1691119d2049e96ca73e5b8469e5a77 (version 0.0.1)
2026-09-03 11:09:51,410 [WARNING] VCB: Không có data trong khoảng này
2026-09-03 11:09:55,604 [WARNING] VIC: Không có data trong khoảng này
2026-09-03 11:10:00,058 [WARNING] VHM: Không có data trong khoảng này
2026-09-03 11:10:04,085 [WARNING] HPG: Không có data trong khoảng này
2026-09-03 11:10:07,582 [WARNING] TCB: Không có data trong khoảng này
2026-09-03 11:10:11,367 [WARNING] MBB: Không có data trong khoảng này
2026-09-03 11:10:16,940 [WARNING] VNM: Không có data trong khoảng này
2026-09-03 11:10:23,584 [WARNING] FPT: Không có data trong khoảng này
2026-09-03 11:10:27,426 [WARNING] MSN: Không có data trong khoảng này
2026-09-03 11:10:30,904 [WARNING] BID: Không có data trong khoảng này
2026-09-03 11:10:30,904 [INFO] === Xong: 0/10 tickers | 0 dòng mới ===
2026-09-04 11:09:30,367 [INFO] Fetch từ 2026-08-29 → 2026-09-03
2026-09-04 11:09:30,764 [INFO] Failed to extract font properties from /usr/share/fonts/truetype/noto/NotoColorEmoji.ttf: Non-scalable fonts are not supported
2026-09-04 11:09:30,870 [INFO] generated new fontManager
2026-09-04 11:09:33,923 [INFO] Device registered: 73771c5ea2a9dbf45599cbbbd498368f (version 0.0.1)
2026-09-04 11:09:40,439 [INFO] VCB: ✓ 1 dòng
2026-09-04 11:09:44,292 [INFO] VIC: ✓ 1 dòng
2026-09-04 11:09:49,303 [INFO] VHM: ✓ 1 dòng
2026-09-04 11:09:53,255 [INFO] HPG: ✓ 1 dòng
2026-09-04 11:09:56,937 [INFO] TCB: ✓ 1 dòng
2026-09-04 11:10:00,949 [INFO] MBB: ✓ 1 dòng
2026-09-04 11:10:06,301 [INFO] VNM: ✓ 1 dòng
2026-09-04 11:10:11,228 [INFO] FPT: ✓ 1 dòng
2026-09-04 11:10:15,309 [INFO] MSN: ✓ 1 dòng
2026-09-04 11:10:18,743 [INFO] BID: ✓ 1 dòng
2026-09-04 11:10:18,743 [INFO] === Xong: 10/10 tickers | 10 dòng mới ===
2026-09-07 11:09:41,305 [INFO] Fetch từ 2026-09-04 → 2026-09-06
2026-09-07 11:09:41,694 [INFO] Failed to extract font properties from /usr/share/fonts/truetype/noto/NotoColorEmoji.ttf: Non-scalable fonts are not supported
2026-09-07 11:09:41,716 [INFO] generated new fontManager
2026-09-07 11:09:44,708 [INFO] Device registered: 73771c5ea2a9dbf45599cbbbd498368f (version 0.0.1)
2026-09-07 11:09:52,628 [INFO] VCB: ✓ 1 dòng
2026-09-07 11:09:56,562 [INFO] VIC: ✓ 1 dòng
2026-09-07 11:10:00,508 [INFO] VHM: ✓ 1 dòng
2026-09-07 11:10:04,377 [INFO] HPG: ✓ 1 dòng
2026-09-07 11:10:08,196 [INFO] TCB: ✓ 1 dòng
2026-09-07 11:10:12,465 [INFO] MBB: ✓ 1 dòng
2026-09-07 11:10:16,069 [INFO] VNM: ✓ 1 dòng
2026-09-07 11:10:20,240 [INFO] FPT: ✓ 1 dòng
2026-09-07 11:10:25,564 [INFO] MSN: ✓ 1 dòng
2026-09-07 11:10:29,431 [INFO] BID: ✓ 1 dòng
2026-09-07 11:10:29,431 [INFO] === Xong: 10/10 tickers | 10 dòng mới ===
2026-09-08 14:52:30,090 [INFO] Fetch từ 2026-09-05 → 2026-09-07
2026-09-08 14:52:30,562 [INFO] Failed to extract font properties from /usr/share/fonts/truetype/noto/NotoColorEmoji.ttf: Non-scalable fonts are not supported
2026-09-08 14:52:31,383 [INFO] generated new fontManager
2026-09-08 14:52:34,176 [INFO] Device registered: 73771c5ea2a9dbf45599cbbbd498368f (version 0.0.1)
2026-09-08 14:52:39,241 [INFO] VCB: ✓ 1 dòng
2026-09-08 14:52:43,347 [INFO] VIC: ✓ 1 dòng
2026-09-08 14:52:46,430 [INFO] VHM: ✓ 1 dòng
2026-09-08 14:52:49,745 [INFO] HPG: ✓ 1 dòng
2026-09-08 14:52:53,379 [INFO] TCB: ✓ 1 dòng
2026-09-08 14:52:57,252 [INFO] MBB: ✓ 1 dòng
2026-09-08 14:53:00,012 [INFO] VNM: ✓ 1 dòng
2026-09-08 14:53:03,466 [INFO] FPT: ✓ 1 dòng
2026-09-08 14:53:07,254 [INFO] MSN: ✓ 1 dòng
2026-09-08 14:53:11,721 [INFO] BID: ✓ 1 dòng
2026-09-08 14:53:11,721 [INFO] === Xong: 10/10 tickers | 10 dòng mới ===
2026-09-09 15:00:46,715 [INFO] Fetch từ 2026-09-08 → 2026-09-08
2026-09-09 15:00:47,828 [INFO] Failed to extract font properties from /usr/share/fonts/truetype/noto/NotoColorEmoji.ttf: Non-scalable fonts are not supported
2026-09-09 15:00:48,229 [INFO] generated new fontManager
2026-09-09 15:00:50,628 [INFO] Device registered: 73771c5ea2a9dbf45599cbbbd498368f (version 0.0.1)
2026-09-09 15:00:57,371 [INFO] VCB: ✓ 1 dòng
2026-09-09 15:01:26,855 [ERROR] VIC: Lỗi — Failed to fetch data: 503 - Service Unavailable
2026-09-09 15:01:31,821 [INFO] VHM: ✓ 1 dòng
2026-09-09 15:01:35,607 [INFO] HPG: ✓ 1 dòng
2026-09-09 15:01:39,383 [INFO] TCB: ✓ 1 dòng
2026-09-09 15:01:43,030 [INFO] MBB: ✓ 1 dòng
2026-09-09 15:01:46,545 [INFO] VNM: ✓ 1 dòng
2026-09-09 15:01:50,606 [INFO] FPT: ✓ 1 dòng
2026-09-09 15:01:54,217 [INFO] MSN: ✓ 1 dòng
2026-09-09 15:02:00,224 [INFO] BID: ✓ 1 dòng
2026-09-09 15:02:00,224 [INFO] === Xong: 9/10 tickers | 9 dòng mới ===
2026-09-10 14:48:51,522 [INFO] Fetch từ 2026-09-09 → 2026-09-09
2026-09-10 14:48:52,109 [INFO] Failed to extract font properties from /usr/share/fonts/truetype/noto/NotoColorEmoji.ttf: Non-scalable fonts are not supported
2026-09-10 14:48:52,641 [INFO] generated new fontManager
2026-09-10 14:48:54,776 [INFO] Device registered: 9990f92d03594fdcf5aeb9cbcf71abcb (version 0.0.1)
2026-09-10 14:49:00,334 [INFO] VCB: ✓ 1 dòng
2026-09-10 14:49:03,197 [INFO] VIC: ✓ 1 dòng
2026-09-10 14:49:06,104 [INFO] VHM: ✓ 1 dòng
2026-09-10 14:49:08,740 [INFO] HPG: ✓ 1 dòng
2026-09-10 14:49:11,429 [INFO] TCB: ✓ 1 dòng
2026-09-10 14:49:14,632 [INFO] MBB: ✓ 1 dòng
2026-09-10 14:49:17,297 [INFO] VNM: ✓ 1 dòng
2026-09-10 14:49:20,347 [INFO] FPT: ✓ 1 dòng
2026-09-10 14:49:22,911 [INFO] MSN: ✓ 1 dòng
2026-09-10 14:49:25,502 [INFO] BID: ✓ 1 dòng
2026-09-10 14:49:25,502 [INFO] === Xong: 10/10 tickers | 10 dòng mới ===
2026-09-11 14:50:34,068 [INFO] Fetch từ 2026-09-10 → 2026-09-10
2026-09-11 14:50:34,628 [INFO] Failed to extract font properties from /usr/share/fonts/truetype/noto/NotoColorEmoji.ttf: Non-scalable fonts are not supported
2026-09-11 14:50:35,756 [INFO] generated new fontManager
2026-09-11 14:50:38,771 [INFO] Device registered: 9990f92d03594fdcf5aeb9cbcf71abcb (version 0.0.1)
2026-09-11 14:50:47,110 [INFO] VCB: ✓ 1 dòng
2026-09-11 14:50:51,655 [INFO] VIC: ✓ 1 dòng
2026-09-11 14:50:56,168 [INFO] VHM: ✓ 1 dòng
2026-09-11 14:51:00,876 [INFO] HPG: ✓ 1 dòng
2026-09-11 14:51:04,427 [INFO] TCB: ✓ 1 dòng
2026-09-11 14:51:10,183 [INFO] MBB: ✓ 1 dòng
2026-09-11 14:51:14,706 [INFO] VNM: ✓ 1 dòng
2026-09-11 14:51:18,455 [INFO] FPT: ✓ 1 dòng
2026-09-11 14:51:22,524 [INFO] MSN: ✓ 1 dòng
2026-09-11 14:51:26,391 [INFO] BID: ✓ 1 dòng
2026-09-11 14:51:26,391 [INFO] === Xong: 10/10 tickers | 10 dòng mới ===
2026-09-14 16:46:28,306 [INFO] Fetch từ 2026-09-11 → 2026-09-13
2026-09-14 16:46:28,655 [INFO] Failed to extract font properties from /usr/share/fonts/truetype/noto/NotoColorEmoji.ttf: Non-scalable fonts are not supported
2026-09-14 16:46:28,764 [INFO] generated new fontManager
2026-09-14 16:46:31,016 [INFO] Device registered: 9990f92d03594fdcf5aeb9cbcf71abcb (version 0.0.1)
2026-09-14 16:46:35,241 [INFO] VCB: ✓ 1 dòng
2026-09-14 16:46:38,185 [INFO] VIC: ✓ 1 dòng
2026-09-14 16:46:40,978 [INFO] VHM: ✓ 1 dòng
2026-09-14 16:46:44,090 [INFO] HPG: ✓ 1 dòng
2026-09-14 16:46:47,192 [INFO] TCB: ✓ 1 dòng
2026-09-14 16:46:49,703 [INFO] MBB: ✓ 1 dòng
2026-09-14 16:46:52,564 [INFO] VNM: ✓ 1 dòng
2026-09-14 16:46:55,204 [INFO] FPT: ✓ 1 dòng
2026-09-14 16:46:58,021 [INFO] MSN: ✓ 1 dòng
2026-09-14 16:47:00,811 [INFO] BID: ✓ 1 dòng
2026-09-14 16:47:00,811 [INFO] === Xong: 10/10 tickers | 10 dòng mới ===
2026-09-15 15:26:52,554 [INFO] Fetch từ 2026-09-12 → 2026-09-14
2026-09-15 15:26:52,919 [INFO] Failed to extract font properties from /usr/share/fonts/truetype/noto/NotoColorEmoji.ttf: Non-scalable fonts are not supported
2026-09-15 15:26:52,997 [INFO] generated new fontManager
2026-09-15 15:26:59,517 [INFO] Device registered: 9990f92d03594fdcf5aeb9cbcf71abcb (version 0.0.1)
2026-09-15 15:27:04,859 [INFO] VCB: ✓ 1 dòng
2026-09-15 15:27:09,838 [INFO] VIC: ✓ 1 dòng
2026-09-15 15:27:13,717 [INFO] VHM: ✓ 1 dòng
2026-09-15 15:27:17,852 [INFO] HPG: ✓ 1 dòng
2026-09-15 15:27:21,446 [INFO] TCB: ✓ 1 dòng
2026-09-15 15:27:25,568 [INFO] MBB: ✓ 1 dòng
2026-09-15 15:27:29,691 [INFO] VNM: ✓ 1 dòng
2026-09-15 15:27:33,698 [INFO] FPT: ✓ 1 dòng
2026-09-15 15:27:38,312 [INFO] MSN: ✓ 1 dòng
2026-09-15 15:27:42,328 [INFO] BID: ✓ 1 dòng
2026-09-15 15:27:42,328 [INFO] === Xong: 10/10 tickers | 10 dòng mới ===
2026-09-16 15:19:43,700 [INFO] Fetch từ 2026-09-15 → 2026-09-15
2026-09-16 15:19:44,055 [INFO] Failed to extract font properties from /usr/share/fonts/truetype/noto/NotoColorEmoji.ttf: Non-scalable fonts are not supported
2026-09-16 15:19:44,190 [INFO] generated new fontManager
2026-09-16 15:19:46,301 [INFO] Device registered: 9990f92d03594fdcf5aeb9cbcf71abcb (version 0.0.1)
2026-09-16 15:19:50,930 [INFO] VCB: ✓ 1 dòng
2026-09-16 15:19:54,252 [INFO] VIC: ✓ 1 dòng
2026-09-16 15:19:57,353 [INFO] VHM: ✓ 1 dòng
2026-09-16 15:19:59,965 [INFO] HPG: ✓ 1 dòng
2026-09-16 15:20:02,868 [INFO] TCB: ✓ 1 dòng
2026-09-16 15:20:05,481 [INFO] MBB: ✓ 1 dòng
2026-09-16 15:20:07,953 [INFO] VNM: ✓ 1 dòng
2026-09-16 15:20:10,423 [INFO] FPT: ✓ 1 dòng
2026-09-16 15:20:13,033 [INFO] MSN: ✓ 1 dòng
2026-09-16 15:20:16,536 [INFO] BID: ✓ 1 dòng
2026-09-16 15:20:16,536 [INFO] === Xong: 10/10 tickers | 10 dòng mới ===
2026-09-17 15:26:04,762 [INFO] Fetch từ 2026-09-16 → 2026-09-16
2026-09-17 15:26:05,313 [INFO] Failed to extract font properties from /usr/share/fonts/truetype/noto/NotoColorEmoji.ttf: Non-scalable fonts are not supported
2026-09-17 15:26:05,947 [INFO] generated new fontManager
2026-09-17 15:26:09,129 [INFO] Device registered: 9990f92d03594fdcf5aeb9cbcf71abcb (version 0.0.1)
2026-09-17 15:26:15,049 [INFO] VCB: ✓ 1 dòng
2026-09-17 15:26:19,151 [INFO] VIC: ✓ 1 dòng
2026-09-17 15:26:23,744 [INFO] VHM: ✓ 1 dòng
2026-09-17 15:26:28,744 [INFO] HPG: ✓ 1 dòng
2026-09-17 15:26:33,062 [INFO] TCB: ✓ 1 dòng
2026-09-17 15:26:37,255 [INFO] MBB: ✓ 1 dòng
2026-09-17 15:26:41,387 [INFO] VNM: ✓ 1 dòng
2026-09-17 15:26:45,715 [INFO] FPT: ✓ 1 dòng
2026-09-17 15:26:49,277 [INFO] MSN: ✓ 1 dòng
2026-09-17 15:26:53,309 [INFO] BID: ✓ 1 dòng
2026-09-17 15:26:53,310 [INFO] === Xong: 10/10 tickers | 10 dòng mới ===
